// Jest Snapshot v1, https://goo.gl/fbAQLP

exports[`<Cell /> Render 1`] = `
<DocumentFragment>
  .c0 {
  background-color: #252525;
  min-width: 25px;
  height: 25px;
  cursor: pointer;
}

<table>
    <tbody>
      <tr>
        <td
          class="c0"
          data-testid="id"
        />
      </tr>
    </tbody>
  </table>
</DocumentFragment>
`;
