// Jest Snapshot v1, https://goo.gl/fbAQLP

exports[`<Input /> Render 1`] = `
<DocumentFragment>
  .c0 {
  border: 0;
  background: transparent;
  box-sizing: border-box;
  width: 0;
  height: 74px;
  border-color: transparent transparent transparent #FFFFFF;
  -webkit-transition: 100ms all ease;
  transition: 100ms all ease;
  cursor: pointer;
  border-style: double;
  border-width: 0px 0 0px 60px;
}

.c0:hover {
  border-color: transparent transparent transparent #8E8E8E;
}

<button
    class="c0"
  />
</DocumentFragment>
`;
